// Jest Snapshot v1, https://goo.gl/fbAQLP

exports[`memory-fs should compile from a memory-fs for the input file system 1`] = `
"// import { render } from \\"./render\\";
// render();
function greet(name) {
    console.log(\\"Hello, \\" + name + \\"!\\");
}
greet('World');
"
`;
